------------------------------------------------------------
Timing Analyzer Summary
------------------------------------------------------------

Type  : Slow 1100mV 85C Model Setup 'control_fsm:FSM|state.THRESHOLD'
Slack : -12.280
TNS   : -337.240

Type  : Slow 1100mV 85C Model Setup 'clk'
Slack : -7.423
TNS   : -18222.979

Type  : Slow 1100mV 85C Model Setup 'ready_in'
Slack : -4.632
TNS   : -19.763

Type  : Slow 1100mV 85C Model Setup 'threshold_cdf:THRS|outlayer'
Slack : -3.113
TNS   : -46.159

Type  : Slow 1100mV 85C Model Hold 'clk'
Slack : -0.834
TNS   : -12.015

Type  : Slow 1100mV 85C Model Hold 'control_fsm:FSM|state.THRESHOLD'
Slack : 0.750
TNS   : 0.000

Type  : Slow 1100mV 85C Model Hold 'ready_in'
Slack : 0.815
TNS   : 0.000

Type  : Slow 1100mV 85C Model Hold 'threshold_cdf:THRS|outlayer'
Slack : 2.300
TNS   : 0.000

Type  : Slow 1100mV 85C Model Minimum Pulse Width 'clk'
Slack : -2.636
TNS   : -20663.627

Type  : Slow 1100mV 85C Model Minimum Pulse Width 'threshold_cdf:THRS|outlayer'
Slack : -0.394
TNS   : -9.329

Type  : Slow 1100mV 85C Model Minimum Pulse Width 'ready_in'
Slack : -0.024
TNS   : -0.054

Type  : Slow 1100mV 85C Model Minimum Pulse Width 'control_fsm:FSM|state.THRESHOLD'
Slack : 0.199
TNS   : 0.000

Type  : Slow 1100mV 0C Model Setup 'control_fsm:FSM|state.THRESHOLD'
Slack : -12.549
TNS   : -343.334

Type  : Slow 1100mV 0C Model Setup 'clk'
Slack : -7.274
TNS   : -17921.437

Type  : Slow 1100mV 0C Model Setup 'ready_in'
Slack : -4.412
TNS   : -19.862

Type  : Slow 1100mV 0C Model Setup 'threshold_cdf:THRS|outlayer'
Slack : -3.239
TNS   : -48.055

Type  : Slow 1100mV 0C Model Hold 'clk'
Slack : -1.122
TNS   : -16.724

Type  : Slow 1100mV 0C Model Hold 'ready_in'
Slack : 0.667
TNS   : 0.000

Type  : Slow 1100mV 0C Model Hold 'control_fsm:FSM|state.THRESHOLD'
Slack : 0.729
TNS   : 0.000

Type  : Slow 1100mV 0C Model Hold 'threshold_cdf:THRS|outlayer'
Slack : 2.411
TNS   : 0.000

Type  : Slow 1100mV 0C Model Minimum Pulse Width 'clk'
Slack : -2.636
TNS   : -20653.333

Type  : Slow 1100mV 0C Model Minimum Pulse Width 'threshold_cdf:THRS|outlayer'
Slack : -0.394
TNS   : -9.196

Type  : Slow 1100mV 0C Model Minimum Pulse Width 'ready_in'
Slack : -0.024
TNS   : -0.039

Type  : Slow 1100mV 0C Model Minimum Pulse Width 'control_fsm:FSM|state.THRESHOLD'
Slack : 0.203
TNS   : 0.000

Type  : Fast 1100mV 85C Model Setup 'control_fsm:FSM|state.THRESHOLD'
Slack : -6.709
TNS   : -185.281

Type  : Fast 1100mV 85C Model Setup 'clk'
Slack : -4.525
TNS   : -10346.023

Type  : Fast 1100mV 85C Model Setup 'ready_in'
Slack : -3.598
TNS   : -13.586

Type  : Fast 1100mV 85C Model Setup 'threshold_cdf:THRS|outlayer'
Slack : -1.378
TNS   : -20.088

Type  : Fast 1100mV 85C Model Hold 'clk'
Slack : -0.541
TNS   : -7.870

Type  : Fast 1100mV 85C Model Hold 'control_fsm:FSM|state.THRESHOLD'
Slack : 0.368
TNS   : 0.000

Type  : Fast 1100mV 85C Model Hold 'ready_in'
Slack : 0.564
TNS   : 0.000

Type  : Fast 1100mV 85C Model Hold 'threshold_cdf:THRS|outlayer'
Slack : 1.149
TNS   : 0.000

Type  : Fast 1100mV 85C Model Minimum Pulse Width 'clk'
Slack : -2.636
TNS   : -20525.853

Type  : Fast 1100mV 85C Model Minimum Pulse Width 'ready_in'
Slack : -0.194
TNS   : -1.709

Type  : Fast 1100mV 85C Model Minimum Pulse Width 'threshold_cdf:THRS|outlayer'
Slack : -0.001
TNS   : -0.002

Type  : Fast 1100mV 85C Model Minimum Pulse Width 'control_fsm:FSM|state.THRESHOLD'
Slack : 0.261
TNS   : 0.000

Type  : Fast 1100mV 0C Model Setup 'control_fsm:FSM|state.THRESHOLD'
Slack : -6.352
TNS   : -176.442

Type  : Fast 1100mV 0C Model Setup 'clk'
Slack : -3.994
TNS   : -9219.598

Type  : Fast 1100mV 0C Model Setup 'ready_in'
Slack : -2.955
TNS   : -11.895

Type  : Fast 1100mV 0C Model Setup 'threshold_cdf:THRS|outlayer'
Slack : -1.364
TNS   : -19.931

Type  : Fast 1100mV 0C Model Hold 'clk'
Slack : -0.702
TNS   : -10.676

Type  : Fast 1100mV 0C Model Hold 'control_fsm:FSM|state.THRESHOLD'
Slack : 0.357
TNS   : 0.000

Type  : Fast 1100mV 0C Model Hold 'ready_in'
Slack : 0.497
TNS   : 0.000

Type  : Fast 1100mV 0C Model Hold 'threshold_cdf:THRS|outlayer'
Slack : 1.162
TNS   : 0.000

Type  : Fast 1100mV 0C Model Minimum Pulse Width 'clk'
Slack : -2.636
TNS   : -20533.013

Type  : Fast 1100mV 0C Model Minimum Pulse Width 'ready_in'
Slack : -0.178
TNS   : -1.615

Type  : Fast 1100mV 0C Model Minimum Pulse Width 'threshold_cdf:THRS|outlayer'
Slack : 0.034
TNS   : 0.000

Type  : Fast 1100mV 0C Model Minimum Pulse Width 'control_fsm:FSM|state.THRESHOLD'
Slack : 0.309
TNS   : 0.000

------------------------------------------------------------
